// Jest Snapshot v1, https://goo.gl/fbAQLP

exports[`renders div 1`] = `<div />`;
